<html>
  <head>
    <title>Moto G</title>
    
  </head>
  <body>
    <div>
  <h1>Moto G - Motorala</h1>
</div>
  </body>
</html>
